                      :-) GROMACS - gmx mdrun, 2020.6 (-:

                            GROMACS is written by:
     Emile Apol      Rossen Apostolov      Paul Bauer     Herman J.C. Berendsen
    Par Bjelkmar      Christian Blau   Viacheslav Bolnykh     Kevin Boyd    
 Aldert van Buuren   Rudi van Drunen     Anton Feenstra       Alan Gray     
  Gerrit Groenhof     Anca Hamuraru    Vincent Hindriksen  M. Eric Irrgang  
  Aleksei Iupinov   Christoph Junghans     Joe Jordan     Dimitrios Karkoulis
    Peter Kasson        Jiri Kraus      Carsten Kutzner      Per Larsson    
  Justin A. Lemkul    Viveca Lindahl    Magnus Lundborg     Erik Marklund   
    Pascal Merz     Pieter Meulenhoff    Teemu Murtola       Szilard Pall   
    Sander Pronk      Roland Schulz      Michael Shirts    Alexey Shvetsov  
   Alfons Sijbers     Peter Tieleman      Jon Vincent      Teemu Virolainen 
 Christian Wennberg    Maarten Wolf      Artem Zhmurov   
                           and the project leaders:
        Mark Abraham, Berk Hess, Erik Lindahl, and David van der Spoel

Copyright (c) 1991-2000, University of Groningen, The Netherlands.
Copyright (c) 2001-2019, The GROMACS development team at
Uppsala University, Stockholm University and
the Royal Institute of Technology, Sweden.
check out http://www.gromacs.org for more information.

GROMACS is free software; you can redistribute it and/or modify it
under the terms of the GNU Lesser General Public License
as published by the Free Software Foundation; either version 2.1
of the License, or (at your option) any later version.

GROMACS:      gmx mdrun, version 2020.6
Executable:   /gromacs/gromacs-2020.6/bin/gmx
Data prefix:  /gromacs/gromacs-2020.6
Working dir:  /home/afortuna/permeability/01_sims/ligands/literature_compounds/bromodiazepam/EP1/02_init_r1
Process ID:   3006937
Command line:
  gmx mdrun -nt 4 -pin on -s init3.tpr -x init3.xtc -c init3.gro -e init3.edr -g init3.log -v -nice 19 -rcon 0

GROMACS version:    2020.6
Verified release checksum is 2f568d8884e039acbc6b68722432516e0628be00c847969b7c905c8b53ef826f
Precision:          single
Memory model:       64 bit
MPI library:        thread_mpi
OpenMP support:     enabled (GMX_OPENMP_MAX_THREADS = 64)
GPU support:        disabled
SIMD instructions:  AVX_128_FMA
FFT library:        fftw-3.3.8-sse2-avx-avx2-avx2_128
RDTSCP usage:       enabled
TNG support:        enabled
Hwloc support:      disabled
Tracing support:    disabled
C compiler:         /usr/bin/cc GNU 9.3.0
C compiler flags:   -mavx -mfma4 -mxop -fexcess-precision=fast -funroll-all-loops -O3 -DNDEBUG
C++ compiler:       /usr/bin/c++ GNU 9.3.0
C++ compiler flags: -mavx -mfma4 -mxop -fexcess-precision=fast -funroll-all-loops -fopenmp -O3 -DNDEBUG


Running on 1 node with total 64 cores, 64 logical cores
Hardware detected:
  CPU info:
    Vendor: AMD
    Brand:  AMD Opteron(tm) Processor 6370P                
    Family: 21   Model: 2   Stepping: 0
    Features: aes amd apic avx clfsh cmov cx8 cx16 f16c fma fma4 htt lahf misalignsse mmx msr nonstop_tsc pclmuldq pdpe1gb popcnt pse rdtscp sse2 sse3 sse4a sse4.1 sse4.2 ssse3 xop
  Hardware topology: Basic
    Sockets, cores, and logical processors:
      Socket  0: [   0] [   1] [   2] [   3] [   4] [   5] [   6] [   7] [   8] [   9] [  10] [  11] [  12] [  13] [  14] [  15]
      Socket  1: [  16] [  17] [  18] [  19] [  20] [  21] [  22] [  23] [  24] [  25] [  26] [  27] [  28] [  29] [  30] [  31]
      Socket  2: [  32] [  33] [  34] [  35] [  36] [  37] [  38] [  39] [  40] [  41] [  42] [  43] [  44] [  45] [  46] [  47]
      Socket  3: [  48] [  49] [  50] [  51] [  52] [  53] [  54] [  55] [  56] [  57] [  58] [  59] [  60] [  61] [  62] [  63]


++++ PLEASE READ AND CITE THE FOLLOWING REFERENCE ++++
M. J. Abraham, T. Murtola, R. Schulz, S. Páll, J. C. Smith, B. Hess, E.
Lindahl
GROMACS: High performance molecular simulations through multi-level
parallelism from laptops to supercomputers
SoftwareX 1 (2015) pp. 19-25
-------- -------- --- Thank You --- -------- --------


++++ PLEASE READ AND CITE THE FOLLOWING REFERENCE ++++
S. Páll, M. J. Abraham, C. Kutzner, B. Hess, E. Lindahl
Tackling Exascale Software Challenges in Molecular Dynamics Simulations with
GROMACS
In S. Markidis & E. Laure (Eds.), Solving Software Challenges for Exascale 8759 (2015) pp. 3-27
-------- -------- --- Thank You --- -------- --------


++++ PLEASE READ AND CITE THE FOLLOWING REFERENCE ++++
S. Pronk, S. Páll, R. Schulz, P. Larsson, P. Bjelkmar, R. Apostolov, M. R.
Shirts, J. C. Smith, P. M. Kasson, D. van der Spoel, B. Hess, and E. Lindahl
GROMACS 4.5: a high-throughput and highly parallel open source molecular
simulation toolkit
Bioinformatics 29 (2013) pp. 845-54
-------- -------- --- Thank You --- -------- --------


++++ PLEASE READ AND CITE THE FOLLOWING REFERENCE ++++
B. Hess and C. Kutzner and D. van der Spoel and E. Lindahl
GROMACS 4: Algorithms for highly efficient, load-balanced, and scalable
molecular simulation
J. Chem. Theory Comput. 4 (2008) pp. 435-447
-------- -------- --- Thank You --- -------- --------


++++ PLEASE READ AND CITE THE FOLLOWING REFERENCE ++++
D. van der Spoel, E. Lindahl, B. Hess, G. Groenhof, A. E. Mark and H. J. C.
Berendsen
GROMACS: Fast, Flexible and Free
J. Comp. Chem. 26 (2005) pp. 1701-1719
-------- -------- --- Thank You --- -------- --------


++++ PLEASE READ AND CITE THE FOLLOWING REFERENCE ++++
E. Lindahl and B. Hess and D. van der Spoel
GROMACS 3.0: A package for molecular simulation and trajectory analysis
J. Mol. Mod. 7 (2001) pp. 306-317
-------- -------- --- Thank You --- -------- --------


++++ PLEASE READ AND CITE THE FOLLOWING REFERENCE ++++
H. J. C. Berendsen, D. van der Spoel and R. van Drunen
GROMACS: A message-passing parallel molecular dynamics implementation
Comp. Phys. Comm. 91 (1995) pp. 43-56
-------- -------- --- Thank You --- -------- --------


++++ PLEASE CITE THE DOI FOR THIS VERSION OF GROMACS ++++
https://doi.org/10.5281/zenodo.4576055
-------- -------- --- Thank You --- -------- --------

Multiple energy groups is not implemented for GPUs, falling back to the CPU. For better performance, run on the GPU without energy groups and then do gmx mdrun -rerun option on the trajectory with an energy group .tpr file.
Input Parameters:
   integrator                     = md
   tinit                          = 0
   dt                             = 0.002
   nsteps                         = 25000
   init-step                      = 0
   simulation-part                = 1
   comm-mode                      = Linear
   nstcomm                        = 100
   bd-fric                        = 0
   ld-seed                        = -371459397
   emtol                          = 10
   emstep                         = 0.01
   niter                          = 20
   fcstep                         = 0
   nstcgsteep                     = 1000
   nbfgscorr                      = 10
   rtpi                           = 0.05
   nstxout                        = 5000
   nstvout                        = 5000
   nstfout                        = 0
   nstlog                         = 5000
   nstcalcenergy                  = 100
   nstenergy                      = 5000
   nstxout-compressed             = 0
   compressed-x-precision         = 1000
   cutoff-scheme                  = Verlet
   nstlist                        = 10
   pbc                            = xyz
   periodic-molecules             = false
   verlet-buffer-tolerance        = 0.005
   rlist                          = 1
   coulombtype                    = PME
   coulomb-modifier               = Potential-shift
   rcoulomb-switch                = 0
   rcoulomb                       = 1
   epsilon-r                      = 1
   epsilon-rf                     = inf
   vdw-type                       = Cut-off
   vdw-modifier                   = Potential-shift
   rvdw-switch                    = 0
   rvdw                           = 1
   DispCorr                       = EnerPres
   table-extension                = 1
   fourierspacing                 = 0.16
   fourier-nx                     = 42
   fourier-ny                     = 42
   fourier-nz                     = 52
   pme-order                      = 4
   ewald-rtol                     = 1e-05
   ewald-rtol-lj                  = 0.001
   lj-pme-comb-rule               = Geometric
   ewald-geometry                 = 0
   epsilon-surface                = 0
   tcoupl                         = V-rescale
   nsttcouple                     = 10
   nh-chain-length                = 0
   print-nose-hoover-chain-variables = false
   pcoupl                         = Berendsen
   pcoupltype                     = Semiisotropic
   nstpcouple                     = 10
   tau-p                          = 2
   compressibility (3x3):
      compressibility[    0]={ 4.50000e-05,  0.00000e+00,  0.00000e+00}
      compressibility[    1]={ 0.00000e+00,  4.50000e-05,  0.00000e+00}
      compressibility[    2]={ 0.00000e+00,  0.00000e+00,  4.50000e-05}
   ref-p (3x3):
      ref-p[    0]={ 1.00000e+00,  0.00000e+00,  0.00000e+00}
      ref-p[    1]={ 0.00000e+00,  1.00000e+00,  0.00000e+00}
      ref-p[    2]={ 0.00000e+00,  0.00000e+00,  1.00000e+00}
   refcoord-scaling               = All
   posres-com (3):
      posres-com[0]= 0.00000e+00
      posres-com[1]= 0.00000e+00
      posres-com[2]= 0.00000e+00
   posres-comB (3):
      posres-comB[0]= 0.00000e+00
      posres-comB[1]= 0.00000e+00
      posres-comB[2]= 0.00000e+00
   QMMM                           = false
   QMconstraints                  = 0
   QMMMscheme                     = 0
   MMChargeScaleFactor            = 1
qm-opts:
   ngQM                           = 0
   constraint-algorithm           = Lincs
   continuation                   = true
   Shake-SOR                      = false
   shake-tol                      = 0.0001
   lincs-order                    = 8
   lincs-iter                     = 1
   lincs-warnangle                = 30
   nwall                          = 0
   wall-type                      = 9-3
   wall-r-linpot                  = -1
   wall-atomtype[0]               = -1
   wall-atomtype[1]               = -1
   wall-density[0]                = 0
   wall-density[1]                = 0
   wall-ewald-zfac                = 3
   pull                           = false
   awh                            = false
   rotation                       = false
   interactiveMD                  = false
   disre                          = No
   disre-weighting                = Conservative
   disre-mixed                    = false
   dr-fc                          = 1000
   dr-tau                         = 0
   nstdisreout                    = 100
   orire-fc                       = 0
   orire-tau                      = 0
   nstorireout                    = 100
   free-energy                    = no
   cos-acceleration               = 0
   deform (3x3):
      deform[    0]={ 0.00000e+00,  0.00000e+00,  0.00000e+00}
      deform[    1]={ 0.00000e+00,  0.00000e+00,  0.00000e+00}
      deform[    2]={ 0.00000e+00,  0.00000e+00,  0.00000e+00}
   simulated-tempering            = false
   swapcoords                     = no
   userint1                       = 0
   userint2                       = 0
   userint3                       = 0
   userint4                       = 0
   userreal1                      = 0
   userreal2                      = 0
   userreal3                      = 0
   userreal4                      = 0
   applied-forces:
     electric-field:
       x:
         E0                       = 0
         omega                    = 0
         t0                       = 0
         sigma                    = 0
       y:
         E0                       = 0
         omega                    = 0
         t0                       = 0
         sigma                    = 0
       z:
         E0                       = 0
         omega                    = 0
         t0                       = 0
         sigma                    = 0
     density-guided-simulation:
       active                     = false
       group                      = protein
       similarity-measure         = inner-product
       atom-spreading-weight      = unity
       force-constant             = 1e+09
       gaussian-transform-spreading-width = 0.2
       gaussian-transform-spreading-range-in-multiples-of-width = 4
       reference-density-filename = reference.mrc
       nst                        = 1
       normalize-densities        = true
       adaptive-force-scaling     = false
       adaptive-force-scaling-time-constant = 4
grpopts:
   nrdf:     34430.5     55.9975     33910.5
   ref-t:         303         303         303
   tau-t:         0.1         0.1         0.1
annealing:          No          No          No
annealing-npoints:           0           0           0
   acc:	           0           0           0
   nfreeze:           N           N           N
   energygrp-flags[  0]: 0 0 0
   energygrp-flags[  1]: 0 0 0
   energygrp-flags[  2]: 0 0 0

Changing nstlist from 10 to 100, rlist from 1 to 1.1


Using 1 MPI thread
Using 4 OpenMP threads 


Overriding thread affinity set outside gmx mdrun

Pinning threads with an auto-selected logical core stride of 1
System total charge: -0.000
Will do PME sum in reciprocal space for electrostatic interactions.

++++ PLEASE READ AND CITE THE FOLLOWING REFERENCE ++++
U. Essmann, L. Perera, M. L. Berkowitz, T. Darden, H. Lee and L. G. Pedersen 
A smooth particle mesh Ewald method
J. Chem. Phys. 103 (1995) pp. 8577-8592
-------- -------- --- Thank You --- -------- --------

Using a Gaussian width (1/beta) of 0.320163 nm for Ewald
Potential shift: LJ r^-12: -1.000e+00 r^-6: -1.000e+00, Ewald -1.000e-05
Initialized non-bonded Ewald tables, spacing: 9.33e-04 size: 1073

Generated table with 1050 data points for 1-4 COUL.
Tabscale = 500 points/nm
Generated table with 1050 data points for 1-4 LJ6.
Tabscale = 500 points/nm
Generated table with 1050 data points for 1-4 LJ12.
Tabscale = 500 points/nm

Using SIMD 4x4 nonbonded short-range kernels

Using a dual 4x4 pair-list setup updated with dynamic pruning:
  outer list: updated every 100 steps, buffer 0.100 nm, rlist 1.100 nm
  inner list: updated every  20 steps, buffer 0.001 nm, rlist 1.001 nm
At tolerance 0.005 kJ/mol/ps per atom, equivalent classical 1x1 list would be:
  outer list: updated every 100 steps, buffer 0.259 nm, rlist 1.259 nm
  inner list: updated every  20 steps, buffer 0.073 nm, rlist 1.073 nm

Using Lorentz-Berthelot Lennard-Jones combination rule

Long Range LJ corr.: <C6> 4.1779e-04


Initializing LINear Constraint Solver

++++ PLEASE READ AND CITE THE FOLLOWING REFERENCE ++++
B. Hess and H. Bekker and H. J. C. Berendsen and J. G. E. M. Fraaije
LINCS: A Linear Constraint Solver for molecular simulations
J. Comp. Chem. 18 (1997) pp. 1463-1472
-------- -------- --- Thank You --- -------- --------

The number of constraints is 17055

++++ PLEASE READ AND CITE THE FOLLOWING REFERENCE ++++
S. Miyamoto and P. A. Kollman
SETTLE: An Analytical Version of the SHAKE and RATTLE Algorithms for Rigid
Water Models
J. Comp. Chem. 13 (1992) pp. 952-962
-------- -------- --- Thank You --- -------- --------


++++ PLEASE READ AND CITE THE FOLLOWING REFERENCE ++++
G. Bussi, D. Donadio and M. Parrinello
Canonical sampling through velocity rescaling
J. Chem. Phys. 126 (2007) pp. 014101
-------- -------- --- Thank You --- -------- --------

There are: 34137 Atoms
There are: 1 VSites
Center of mass motion removal mode is Linear
We have the following groups for center of mass motion removal:
  0:  rest

Started mdrun on rank 0 Tue Jun 27 10:31:53 2023

           Step           Time
              0        0.00000

   Energies (kJ/mol)
          Angle    Proper Dih. Ryckaert-Bell.  Improper Dih.          LJ-14
    3.66282e+04    2.19098e+04    9.14874e+01    3.69315e+02    8.35367e+03
     Coulomb-14        LJ (SR)  Disper. corr.   Coulomb (SR)   Coul. recip.
   -1.09379e+04    9.15588e+03   -6.27902e+03   -3.49989e+05    3.42973e+03
      Potential    Kinetic En.   Total Energy  Conserved En.    Temperature
   -2.87268e+05    8.72777e+04   -1.99990e+05   -1.99994e+05    3.06946e+02
 Pres. DC (bar) Pressure (bar)   Constr. rmsd
   -3.21737e+02    1.78238e+02    3.35867e-06

           Step           Time
           5000       10.00000

   Energies (kJ/mol)
          Angle    Proper Dih. Ryckaert-Bell.  Improper Dih.          LJ-14
    3.67451e+04    2.22197e+04    9.23908e+01    3.60649e+02    8.42832e+03
     Coulomb-14        LJ (SR)  Disper. corr.   Coulomb (SR)   Coul. recip.
   -1.08096e+04    8.62592e+03   -6.27556e+03   -3.47851e+05    3.41446e+03
      Potential    Kinetic En.   Total Energy  Conserved En.    Temperature
   -2.85049e+05    8.70409e+04   -1.98008e+05   -2.00635e+05    3.06113e+02
 Pres. DC (bar) Pressure (bar)   Constr. rmsd
   -3.21383e+02    1.23798e+02    3.30339e-06

Writing checkpoint, step 6500 at Tue Jun 27 10:46:56 2023


           Step           Time
          10000       20.00000

   Energies (kJ/mol)
          Angle    Proper Dih. Ryckaert-Bell.  Improper Dih.          LJ-14
    3.64436e+04    2.23121e+04    7.35637e+01    3.44228e+02    8.52856e+03
     Coulomb-14        LJ (SR)  Disper. corr.   Coulomb (SR)   Coul. recip.
   -1.07652e+04    8.76977e+03   -6.28250e+03   -3.48753e+05    3.42790e+03
      Potential    Kinetic En.   Total Energy  Conserved En.    Temperature
   -2.85901e+05    8.66011e+04   -1.99300e+05   -2.00610e+05    3.04567e+02
 Pres. DC (bar) Pressure (bar)   Constr. rmsd
   -3.22093e+02    8.80652e+01    3.29058e-06

Writing checkpoint, step 13000 at Tue Jun 27 11:01:58 2023


           Step           Time
          15000       30.00000

   Energies (kJ/mol)
          Angle    Proper Dih. Ryckaert-Bell.  Improper Dih.          LJ-14
    3.67755e+04    2.19606e+04    7.15993e+01    3.51249e+02    8.44528e+03
     Coulomb-14        LJ (SR)  Disper. corr.   Coulomb (SR)   Coul. recip.
   -1.08185e+04    8.50121e+03   -6.27161e+03   -3.48167e+05    3.46379e+03
      Potential    Kinetic En.   Total Energy  Conserved En.    Temperature
   -2.85688e+05    8.58428e+04   -1.99845e+05   -2.00489e+05    3.01900e+02
 Pres. DC (bar) Pressure (bar)   Constr. rmsd
   -3.20978e+02    1.09569e+02    3.27935e-06

Writing checkpoint, step 19500 at Tue Jun 27 11:17:01 2023


           Step           Time
          20000       40.00000

   Energies (kJ/mol)
          Angle    Proper Dih. Ryckaert-Bell.  Improper Dih.          LJ-14
    3.58029e+04    2.21298e+04    7.46783e+01    3.62806e+02    8.39515e+03
     Coulomb-14        LJ (SR)  Disper. corr.   Coulomb (SR)   Coul. recip.
   -1.07911e+04    8.09446e+03   -6.28447e+03   -3.47890e+05    3.57560e+03
      Potential    Kinetic En.   Total Energy  Conserved En.    Temperature
   -2.86530e+05    8.61078e+04   -2.00422e+05   -2.00521e+05    3.02832e+02
 Pres. DC (bar) Pressure (bar)   Constr. rmsd
   -3.22295e+02    4.27480e+01    3.24569e-06

           Step           Time
          25000       50.00000

Writing checkpoint, step 25000 at Tue Jun 27 11:29:46 2023


   Energies (kJ/mol)
          Angle    Proper Dih. Ryckaert-Bell.  Improper Dih.          LJ-14
    3.61437e+04    2.22813e+04    7.48630e+01    3.64828e+02    8.39264e+03
     Coulomb-14        LJ (SR)  Disper. corr.   Coulomb (SR)   Coul. recip.
   -1.07681e+04    8.20925e+03   -6.26404e+03   -3.48602e+05    3.47235e+03
      Potential    Kinetic En.   Total Energy  Conserved En.    Temperature
   -2.86696e+05    8.69471e+04   -1.99748e+05   -2.00430e+05    3.05783e+02
 Pres. DC (bar) Pressure (bar)   Constr. rmsd
   -3.20205e+02   -1.66359e+02    3.32057e-06


	<======  ###############  ==>
	<====  A V E R A G E S  ====>
	<==  ###############  ======>

	Statistics over 25001 steps using 251 frames

   Energies (kJ/mol)
          Angle    Proper Dih. Ryckaert-Bell.  Improper Dih.          LJ-14
    3.62611e+04    2.20436e+04    7.96448e+01    3.84363e+02    8.39373e+03
     Coulomb-14        LJ (SR)  Disper. corr.   Coulomb (SR)   Coul. recip.
   -1.07661e+04    8.55793e+03   -6.27754e+03   -3.48817e+05    3.45374e+03
      Potential    Kinetic En.   Total Energy  Conserved En.    Temperature
   -2.86686e+05    8.61536e+04   -2.00533e+05   -2.00573e+05    3.02993e+02
 Pres. DC (bar) Pressure (bar)   Constr. rmsd
   -3.21586e+02    2.60378e+00    0.00000e+00

          Box-X          Box-Y          Box-Z
    6.43920e+00    6.43920e+00    7.82658e+00

   Total Virial (kJ/mol)
    2.84719e+04   -2.20768e+02   -2.48487e+02
   -2.20475e+02    2.82593e+04   -2.18886e+02
   -2.48201e+02   -2.18628e+02    2.93459e+04

   Pressure (bar)
   -1.62403e+00    2.38226e+01    8.27707e+00
    2.37927e+01    1.23024e+01    1.45610e+01
    8.24787e+00    1.45346e+01   -2.86701e+00

  Epot (kJ/mol)        Coul-SR          LJ-SR        Coul-14          LJ-14   
      POPC-POPC   -6.06316e+04   -2.49164e+04   -1.08713e+04    8.33733e+03
       POPC-MOL   -1.47552e-01   -2.16102e-01    0.00000e+00    0.00000e+00
       POPC-SOL   -4.78261e+04   -2.05167e+03    0.00000e+00    0.00000e+00
        MOL-MOL   -2.35085e+02   -1.29659e+01    1.05158e+02    5.63978e+01
        MOL-SOL   -1.02758e+02   -8.50646e+01    0.00000e+00    0.00000e+00
        SOL-SOL   -2.40021e+05    3.56243e+04    0.00000e+00    0.00000e+00

         T-POPC          T-MOL          T-SOL
    3.02969e+02    3.04177e+02    3.03015e+02


	M E G A - F L O P S   A C C O U N T I N G

 NB=Group-cutoff nonbonded kernels    NxN=N-by-N cluster Verlet kernels
 RF=Reaction-Field  VdW=Van der Waals  QSTab=quadratic-spline table
 W3=SPC/TIP3p  W4=TIP4p (single or pairs)
 V&F=Potential and force  V=Potential only  F=Force only

 Computing:                               M-Number         M-Flops  % Flops
-----------------------------------------------------------------------------
 Pair Search distance check            3027.076248       27243.686     0.1
 NxN Ewald Elec. + LJ [F]            326615.135616    21556598.951    71.3
 NxN Ewald Elec. + LJ [V&F]            3312.305888      354416.730     1.2
 NxN Ewald Elec. [F]                 103687.276176     6324923.847    20.9
 NxN Ewald Elec. [V&F]                 1051.559312       88330.982     0.3
 1,4 nonbonded interactions            1140.870633      102678.357     0.3
 Calc Weights                          2560.452414       92176.287     0.3
 Spread Q Bspline                     54622.984832      109245.970     0.4
 Gather F Bspline                     54622.984832      327737.909     1.1
 3D-FFT                               75610.124284      604880.994     2.0
 Solve PME                               44.101764        2822.513     0.0
 Shift-X                                  8.568638          51.412     0.0
 Angles                                 820.482818      137841.113     0.5
 Propers                               1546.011838      354036.711     1.2
 Impropers                               12.800512        2662.506     0.0
 RB-Dihedrals                             1.600064         395.216     0.0
 Virial                                  85.491683        1538.850     0.0
 Stop-CM                                  8.568638          85.686     0.0
 P-Coupling                              85.379138         512.275     0.0
 Calc-Ekin                              170.758276        4610.473     0.0
 Lincs                                  426.392055       25583.523     0.1
 Lincs-Mat                            16409.656360       65638.625     0.2
 Constraint-V                          1276.701066       10213.609     0.0
 Constraint-Vir                          85.061511        2041.476     0.0
 Settle                                 141.305652       45641.726     0.2
 Virtual Site 2fd                         0.027502           1.733     0.0
-----------------------------------------------------------------------------
 Total                                                30241911.161   100.0
-----------------------------------------------------------------------------


     R E A L   C Y C L E   A N D   T I M E   A C C O U N T I N G

On 1 MPI rank, each using 4 OpenMP threads

 Computing:          Num   Num      Call    Wall time         Giga-Cycles
                     Ranks Threads  Count      (s)         total sum    %
-----------------------------------------------------------------------------
 Vsite constr.          1    4      25001       7.241         57.932   0.2
 Neighbor search        1    4        251      27.718        221.750   0.8
 Force                  1    4      25001    2226.099      17809.523  64.1
 PME mesh               1    4      25001     586.110       4689.071  16.9
 NB X/F buffer ops.     1    4      49751     256.627       2053.098   7.4
 Vsite spread           1    4      27502      61.384        491.089   1.8
 Write traj.            1    4          9       0.547          4.379   0.0
 Update                 1    4      25001      44.057        352.473   1.3
 Constraints            1    4      25001     253.493       2028.024   7.3
 Rest                                          10.269         82.155   0.3
-----------------------------------------------------------------------------
 Total                                       3473.545      27789.493 100.0
-----------------------------------------------------------------------------
 Breakdown of PME mesh computation
-----------------------------------------------------------------------------
 PME spread             1    4      25001     270.146       2161.258   7.8
 PME gather             1    4      25001     174.741       1397.988   5.0
 PME 3D-FFT             1    4      50002     116.324        930.630   3.3
 PME solve Elec         1    4      25001       4.673         37.389   0.1
-----------------------------------------------------------------------------

               Core t (s)   Wall t (s)        (%)
       Time:    13894.133     3473.545      400.0
                         57:53
                 (ns/day)    (hour/ns)
Performance:        1.244       19.297
Finished mdrun on rank 0 Tue Jun 27 11:29:46 2023

